(ARCTools Version 2.1.2)
 HexLoc     DecLoc    MachWord   Label        Instruction                Comment
                                              .org 2048                  
00000800  0000002048  033fffc0                sethi 4194240, %r1         ! Set r1 to MEM_IO
00000804  0000002052  c8002868                ld [2152], %r4             
                                                                         
                                              .equ 0xF1                  
                                              .equ 0xF2                  
                                              .equ 0xF4                  
                                              .equ 0xF8                  
                                                                         
                                              .equ 320                   
                                              .equ 240                   
                                                                         
                                                                         ! %r6 = x
                                                                         ! %r7 = y
                                                                         
00000808  0000002056  8e21e001  init:         sub %r7, 1, %r7            
0000080c  0000002060  8e01e001  nexty:        add %r7, 1, %r7            
00000810  0000002064  8c103fff                or %r0, -1, %r6            
00000814  0000002068            loop:                                    
00000818  0000002072  c82860f1                stb %r4, %r1, [241]        
0000081c  0000002076  8c01a001                add %r6, 1, %r6            
00000820  0000002080  cc2060f4                st %r6, %r1, [244]         
00000824  0000002084  ce2060f8                st %r7, %r1, [248]         
00000828  0000002088  80a1a140                subcc %r6, 320, %r0        
0000082c  0000002092  02bffff8                be -8                      
00000830  0000002096  80a1e0f0                subcc %r7, 240, %r0        
00000834  0000002100  02800002                be 2                       
00000838  0000002104  10bffff7                ba -9                      
0000083c  0000002108  c82860f2  done:         stb %r4, %r1, [242]        
00000840  0000002112  88012001  frame:        add %r4, 1, %r4            
00000844  0000002116  8c082000                and %r0, 0, %r6            
00000848  0000002120  8e082000                and %r0, 0, %r7            
0000084c  0000002124  10bfffef                ba -17                     
00000850  0000002128  ffffffff                halt                       
00000854  0000002132  ffffffff  on:                                      
00000858  0000002136  00000000  black:                                   
0000085c  0000002140  000000c0  red:                                     
00000860  0000002144  00000038  green:                                   
00000864  0000002148  00000006  blue:                                    
00000868  0000002152  000000f8  yellow:                                  
0000086c  0000002156  0000003e  cyan:                                    
00000870  0000002160  000000c6  magenta:                                 
00000874  0000002164  000000ac  orange:                                  
00000878  0000002168  000000ff  white:                                   

--- Symbol Table ---
blue: 2148
V_CMD: 242
orange: 2164
magenta: 2160
nexty: 2060
WIDTH: 320
yellow: 2152
red: 2140
white: 2168
cyan: 2156
on: 2132
green: 2144
V_ADDR_Y: 248
V_ADDR_X: 244
frame: 2112
done: 2108
HEIGHT: 240
black: 2136
init: 2056
V_COLOR: 241
loop: 2068
