(ARCTools Version 2.1.2)
 HexLoc     DecLoc    MachWord   Label        Instruction                Comment
                                              .org 2048                  
00000800  0000002048  033fffc0                sethi 4194240, %r1         ! Set r1 to MEM_IO
00000804  0000002052  c8002850                ld [2128], %r4             
                                                                         
                                              .equ 0xF1                  
                                              .equ 0xF2                  
                                              .equ 0xF4                  
                                              .equ 0xF8                  
                                                                         
                                              .equ 320                   
                                              .equ 240                   
                                              .equ 16                    
                                              .equ 256                   
                                                                         
                                                                         ! %r4 = color
                                                                         ! %r5 = offset
                                                                         ! %r6 = x
                                                                         ! %r7 = y
                                                                         
00000808  0000002056  8a016140  nexty:        add %r5, 320, %r5          
0000080c  0000002060  8a216010                sub %r5, 16, %r5           
00000810  0000002064  8c09a000                and %r6, 0, %r6            
00000814  0000002068  8e01e001                add %r7, 1, %r7            
00000818  0000002072  94a1e010                subcc %r7, 16, %r10        
0000081c  0000002076  0280000a                be 10                      
00000820  0000002080  cc2060f4  draw:         st %r6, %r1, [244]         
00000824  0000002084  ce2060f8                st %r7, %r1, [248]         
00000828  0000002088  c82860f1                stb %r4, %r1, [241]        
0000082c  0000002092  88012001                add %r4, 1, %r4            
00000830  0000002096  8a016001                add %r5, 1, %r5            
00000834  0000002100  8c01a001                add %r6, 1, %r6            
00000838  0000002104  94a1a010                subcc %r6, 16, %r10        
0000083c  0000002108  02bffff3                be -13                     
00000840  0000002112  10bffff8                ba -8                      
00000844  0000002116  c8002850  done:         ld [2128], %r4             
00000848  0000002120  c82860f2                stb %r4, %r1, [242]        
0000084c  0000002124  ffffffff                halt                       
00000850  0000002128  00000001  on:                                      

--- Symbol Table ---
V_ADDR_Y: 248
V_ADDR_X: 244
done: 2116
TILE: 16
nexty: 2056
V_CMD: 242
on: 2128
HEIGHT: 240
V_COLOR: 241
draw: 2080
WIDTH: 320
SQUARE: 256
