(ARCTools Version 2.1.2)
 HexLoc     DecLoc    MachWord   Label        Instruction                Comment
                                              .org 2048                  
                                              .equ 3000                  ! address of array a
00000800  0000002048  c400282c                ld [2092], %r2             ! %r2 = &a;
00000804  0000002052  8688c000                andcc %r3, %r0, %r3        ! %r3 = 0;
00000808  0000002056  88890000                andcc %r4, %r0, %r4        ! %r4 = 0;
0000080c  0000002060            loop:                                    ! while(true) {
00000810  0000002064  ca008004                ld %r2, %r4, %r5           !   %r5 = mem[%r2 + %r4];
00000814  0000002068  80894005                andcc %r5, %r5, %r0        !   if (%r5 == 0)
00000818  0000002072  02800004                be 4                       !     break;
0000081c  0000002076  8680c005                addcc %r3, %r5, %r3        !   %r3 = %r5 + %r3;
00000820  0000002080  88812004                addcc %r4, 4, %r4          !   %r4 = %r4 + 4;
00000824  0000002084  10bffffa                ba -6                      ! }
00000828  0000002088  ffffffff  done:         halt                       
                                                                         
0000082c  0000002092  00000bb8  address:                                 
                                              .org a_st                  
00000bb8  0000003000  00000019  a:                                       
00000bbc  0000003004  fffffff6                                           
00000bc0  0000003008  00000021                                           
00000bc4  0000003012  fffffffb                                           
00000bc8  0000003016  00000007                                           
00000bcc  0000003020  00000032                                           
00000bd0  0000003024  00000019                                           
00000bd4  0000003028  ffffffe7                                           
00000bd8  0000003032  00000000                                           
00000bdc  0000003036  cafebabe                                           ! Marker

--- Symbol Table ---
a: 3000
address: 2092
done: 2088
loop: 2060
a_st: 3000
