(ARCTools Version 2.1.2)
 HexLoc     DecLoc    MachWord   Label        Instruction                Comment
                                              .org 2048                  
                                              .equ 0                     
                                              .equ 0                     
                                              .equ 4                     
                                              .equ 4                     
                                              .equ 8                     
                                              .equ 8                     
                                              .equ 12                    
                                              .equ 12                    
                                              .equ 0xF1                  
                                              .equ 0xF1                  
                                              .equ 0xF2                  
                                              .equ 0xF2                  
                                              .equ 0xF4                  
                                              .equ 0xF4                  
                                              .equ 0xF8                  
                                              .equ 0xF8                  
                                              .equ 320                   
                                              .equ 320                   
                                              .equ 240                   
                                              .equ 240                   
00000800  0000002048  10800003  libdev_data:  ba 3                       
00000804  0000002052  ffff0000  MEM_IO:                                  
00000808  0000002056  ffff0000  _MEM_IO0:                                
0000080c  0000002060            __end_libdev_data:                             
00000810  0000002064  1080000f  libcon_data:  ba 15                      
00000814  0000002068            putc:                                    
00000818  0000002072  fc002804                ld [2052], %r30            
0000081c  0000002076  fe07a004                ld %r30, [4], %r31         
00000820  0000002080  be8fe080                andcc %r31, 128, %r31      
00000824  0000002084  02bffffc                be -4                      
00000828  0000002088  c62fa000                stb %r3, %r30, [0]         
0000082c  0000002092  81c3e004                jmpl %r15, 4, %r0          
00000830  0000002096            getc:                                    
00000834  0000002100  fc002804                ld [2052], %r30            
00000838  0000002104  fe07a00c                ld %r30, [12], %r31        
0000083c  0000002108  be8fe080                andcc %r31, 128, %r31      
00000840  0000002112  02bffffc                be -4                      
00000844  0000002116  c607a008                ld %r30, [8], %r3          
00000848  0000002120  81c3e004                jmpl %r15, 4, %r0          
0000084c  0000002124            __end_libcon_data:                             
00000850  0000002128  7ffffff8  loop:         call -8                    
00000854  0000002132  7ffffff0                call -16                   
00000858  0000002136  10bffffe                ba -2                      
0000085c  0000002140  ffffffff  end:          halt                       

--- Symbol Table ---
__end_libdev_data: 2060
MEM_IO: 2052
V_CMD: 242
_V_CMD0: 242
_V_ADDR_Y0: 248
_V_COLOR0: 241
end: 2140
_MEM_IO0: 2056
CIN: 8
CICTL: 12
_COUT0: 0
SCREENW: 320
_COSTAT0: 4
COSTAT: 4
_CIN0: 8
V_ADDR_Y: 248
V_ADDR_X: 244
getc: 2096
libcon_data: 2064
_SCREENH0: 240
SCREENH: 240
_CICTL0: 12
putc: 2068
_V_ADDR_X0: 244
libdev_data: 2048
_SCREENW0: 320
COUT: 0
V_COLOR: 241
loop: 2128
__end_libcon_data: 2124
